step 1
vanshajbajaj@ubuntu:~$ ip a
1: lo: <LOOPBACK,UP,LOWER_UP> mtu 65536 qdisc noqueue state UNKNOWN group default qlen 1000
    link/loopback 00:00:00:00:00:00 brd 00:00:00:00:00:00
    inet 127.0.0.1/8 scope host lo
       valid_lft forever preferred_lft forever
    inet6 ::1/128 scope host 
       valid_lft forever preferred_lft forever
2: ens33: <BROADCAST,MULTICAST,UP,LOWER_UP> mtu 1500 qdisc fq_codel state UP group default qlen 1000
    link/ether 00:0c:29:f8:6c:0d brd ff:ff:ff:ff:ff:ff
    altname enp2s1
    inet 192.168.174.128/24 brd 192.168.174.255 scope global dynamic noprefixroute ens33
       valid_lft 1679sec preferred_lft 1679sec
    inet6 fe80::e6ba:753d:9e7a:2787/64 scope link noprefixroute 
       valid_lft forever preferred_lft forever




step 2
vanshajbajaj@ubuntu:~$ ip r
default via 192.168.174.2 dev ens33 proto dhcp metric 100 
169.254.0.0/16 dev ens33 scope link metric 1000 
192.168.174.0/24 dev ens33 proto kernel scope link src 192.168.174.128 metric 100 




step 3
vanshajbajaj@ubuntu:~$ cat /etc/netplan/01-network-manager.yaml
cat: /etc/netplan/01-network-manager.yaml: No such file or directory




step 4
vanshajbajaj@ubuntu:~$ sudo nano /etc/netplan/01-network-manager.yaml
[sudo] password for vanshajbajaj: 

write:
network:
 version: 2
 renderer: NetworkManager
 ethernets:
   eth0:
     dhcp4: no
     addresses: [192.168.174.128/24]
     gateway4: 192.168.174.2
     nameservers:
         addresses: [8.8.8.8,8.8.8.4]





step 5
vanshajbajaj@ubuntu:~$ sudo netplan apply


step 6
vanshajbajaj@ubuntu:~$ sudo systemctl restart NetworkManager



step 7
vanshajbajaj@ubuntu:~$ hostname --fqdn
ubuntu




step 8
vanshajbajaj@ubuntu:~$ sudo nano /etc/hosts


Use "fg" to return to nano.

[5]+  Stopped




step 9
sudo hostnamectl set-hostname cloud




step 10
vanshajbajaj@ubuntu:~$ hostname --fqdn
apache.cloud.u1




step 11
sudo apt install bridge-utils
Reading package lists... Done
Building dependency tree       
Reading state information... Done
Suggested packages:
  ifupdown
The following NEW packages will be installed:
  bridge-utils
0 upgraded, 1 newly installed, 0 to remove and 255 not upgraded.
Need to get 30.5 kB of archives.
After this operation, 112 kB of additional disk space will be used.
Get:1 http://us.archive.ubuntu.com/ubuntu focal/main amd64 bridge-utils amd64 1.6-2ubuntu1 [30.5 kB]




step 12
vanshajbajaj@ubuntu:~$ sudo brctl addbr cloudbr0




step 13
vanshajbajaj@ubuntu:~$ sudo brctl addif cloudbr0 ens33




step 14 
vanshajbajaj@cloud:~$ sudo nano /etc/netplan/01-network-manager-all.yaml
[sudo] password for vanshajbajaj: 


Use "fg" to return to nano.

[1]+  Stopped                 sudo nano /etc/netplan/01-network-manager-all.yaml


